
Efinix FPGA Placement and Routing.
Version: 2025.2.288.3.8 
Date: Wed Apr 22 23:52:40 2026

Copyright (C) 2013 - 2025 Efinix, Inc. All rights reserved.
 
Family: Titanium 
Device: TJ375N529
Top-level Entity Name: mem_test

---------- Module Resource Usage Distribution Estimates (begin) ----------

'Module Resource Usage Distribution Estimates' table printed in: D:/Efinity/2ChMIPICSI_2ChMIPIDSI_Demo_Test/outflow\mem_test-hierarchical_stats.rpt

----------- Module Resource Usage Distribution Estimates (end) ----------

Elapsed time for packing: 0 hours 0 minutes 3 seconds

---------- IO Interface Summary (begin) ----------

+------------------------------+--------------+
|    Missing Interface Pins    | Input/Output |
+------------------------------+--------------+
|         axi1_RVALID          |    Input     |
|        axi1_RRESP[0]         |    Input     |
|        axi1_RRESP[1]         |    Input     |
|         axi1_RID[0]          |    Input     |
|         axi1_RID[1]          |    Input     |
|         axi1_RID[2]          |    Input     |
|         axi1_RID[4]          |    Input     |
|         axi1_RID[5]          |    Input     |
|        axi1_RDATA[0]         |    Input     |
|        axi1_RDATA[2]         |    Input     |
|        axi1_RDATA[3]         |    Input     |
|        axi1_RDATA[4]         |    Input     |
|        axi1_RDATA[6]         |    Input     |
|        axi1_RDATA[7]         |    Input     |
|        axi1_RDATA[8]         |    Input     |
|        axi1_RDATA[10]        |    Input     |
|        axi1_RDATA[11]        |    Input     |
|        axi1_RDATA[12]        |    Input     |
|        axi1_RDATA[14]        |    Input     |
|        axi1_RDATA[15]        |    Input     |
|        axi1_RDATA[16]        |    Input     |
|        axi1_RDATA[18]        |    Input     |
|        axi1_RDATA[19]        |    Input     |
|        axi1_RDATA[20]        |    Input     |
|        axi1_RDATA[22]        |    Input     |
|        axi1_RDATA[23]        |    Input     |
|        axi1_RDATA[24]        |    Input     |
|        axi1_RDATA[26]        |    Input     |
|        axi1_RDATA[27]        |    Input     |
|        axi1_RDATA[28]        |    Input     |
|        axi1_RDATA[30]        |    Input     |
|        axi1_RDATA[31]        |    Input     |
|        axi1_RDATA[32]        |    Input     |
|        axi1_RDATA[34]        |    Input     |
|        axi1_RDATA[35]        |    Input     |
|        axi1_RDATA[36]        |    Input     |
|        axi1_RDATA[38]        |    Input     |
|        axi1_RDATA[39]        |    Input     |
|        axi1_RDATA[40]        |    Input     |
|        axi1_RDATA[42]        |    Input     |
|        axi1_RDATA[43]        |    Input     |
|        axi1_RDATA[44]        |    Input     |
|        axi1_RDATA[46]        |    Input     |
|        axi1_RDATA[47]        |    Input     |
|        axi1_RDATA[48]        |    Input     |
|        axi1_RDATA[50]        |    Input     |
|        axi1_RDATA[51]        |    Input     |
|        axi1_RDATA[52]        |    Input     |
|        axi1_RDATA[54]        |    Input     |
|        axi1_RDATA[55]        |    Input     |
|        axi1_RDATA[56]        |    Input     |
|        axi1_RDATA[58]        |    Input     |
|        axi1_RDATA[59]        |    Input     |
|        axi1_RDATA[60]        |    Input     |
|        axi1_RDATA[62]        |    Input     |
|        axi1_RDATA[63]        |    Input     |
|        axi1_RDATA[64]        |    Input     |
|        axi1_RDATA[66]        |    Input     |
|        axi1_RDATA[67]        |    Input     |
|        axi1_RDATA[68]        |    Input     |
|        axi1_RDATA[70]        |    Input     |
|        axi1_RDATA[71]        |    Input     |
|        axi1_RDATA[72]        |    Input     |
|        axi1_RDATA[74]        |    Input     |
|        axi1_RDATA[75]        |    Input     |
|        axi1_RDATA[76]        |    Input     |
|        axi1_RDATA[78]        |    Input     |
|        axi1_RDATA[79]        |    Input     |
|        axi1_RDATA[80]        |    Input     |
|        axi1_RDATA[82]        |    Input     |
|        axi1_RDATA[83]        |    Input     |
|        axi1_RDATA[84]        |    Input     |
|        axi1_RDATA[86]        |    Input     |
|        axi1_RDATA[87]        |    Input     |
|        axi1_RDATA[88]        |    Input     |
|        axi1_RDATA[90]        |    Input     |
|        axi1_RDATA[91]        |    Input     |
|        axi1_RDATA[92]        |    Input     |
|        axi1_RDATA[94]        |    Input     |
|        axi1_RDATA[95]        |    Input     |
|        axi1_RDATA[96]        |    Input     |
|        axi1_RDATA[98]        |    Input     |
|        axi1_RDATA[99]        |    Input     |
|       axi1_RDATA[100]        |    Input     |
|       axi1_RDATA[102]        |    Input     |
|       axi1_RDATA[103]        |    Input     |
|       axi1_RDATA[104]        |    Input     |
|       axi1_RDATA[106]        |    Input     |
|       axi1_RDATA[107]        |    Input     |
|       axi1_RDATA[108]        |    Input     |
|       axi1_RDATA[110]        |    Input     |
|       axi1_RDATA[111]        |    Input     |
|       axi1_RDATA[112]        |    Input     |
|       axi1_RDATA[114]        |    Input     |
|       axi1_RDATA[115]        |    Input     |
|       axi1_RDATA[116]        |    Input     |
|       axi1_RDATA[118]        |    Input     |
|       axi1_RDATA[119]        |    Input     |
|       axi1_RDATA[120]        |    Input     |
|       axi1_RDATA[122]        |    Input     |
|       axi1_RDATA[123]        |    Input     |
|       axi1_RDATA[124]        |    Input     |
|       axi1_RDATA[126]        |    Input     |
|       axi1_RDATA[127]        |    Input     |
|       axi1_RDATA[128]        |    Input     |
|       axi1_RDATA[130]        |    Input     |
|       axi1_RDATA[131]        |    Input     |
|       axi1_RDATA[132]        |    Input     |
|       axi1_RDATA[134]        |    Input     |
|       axi1_RDATA[135]        |    Input     |
|       axi1_RDATA[136]        |    Input     |
|       axi1_RDATA[138]        |    Input     |
|       axi1_RDATA[139]        |    Input     |
|       axi1_RDATA[140]        |    Input     |
|       axi1_RDATA[142]        |    Input     |
|       axi1_RDATA[143]        |    Input     |
|       axi1_RDATA[144]        |    Input     |
|       axi1_RDATA[146]        |    Input     |
|       axi1_RDATA[147]        |    Input     |
|       axi1_RDATA[148]        |    Input     |
|       axi1_RDATA[150]        |    Input     |
|       axi1_RDATA[151]        |    Input     |
|       axi1_RDATA[152]        |    Input     |
|       axi1_RDATA[154]        |    Input     |
|       axi1_RDATA[155]        |    Input     |
|       axi1_RDATA[156]        |    Input     |
|       axi1_RDATA[158]        |    Input     |
|       axi1_RDATA[159]        |    Input     |
|       axi1_RDATA[160]        |    Input     |
|       axi1_RDATA[162]        |    Input     |
|       axi1_RDATA[163]        |    Input     |
|       axi1_RDATA[164]        |    Input     |
|       axi1_RDATA[166]        |    Input     |
|       axi1_RDATA[167]        |    Input     |
|       axi1_RDATA[168]        |    Input     |
|       axi1_RDATA[170]        |    Input     |
|       axi1_RDATA[171]        |    Input     |
|       axi1_RDATA[172]        |    Input     |
|       axi1_RDATA[174]        |    Input     |
|       axi1_RDATA[175]        |    Input     |
|       axi1_RDATA[176]        |    Input     |
|       axi1_RDATA[178]        |    Input     |
|       axi1_RDATA[179]        |    Input     |
|       axi1_RDATA[180]        |    Input     |
|       axi1_RDATA[182]        |    Input     |
|       axi1_RDATA[183]        |    Input     |
|       axi1_RDATA[184]        |    Input     |
|       axi1_RDATA[186]        |    Input     |
|       axi1_RDATA[187]        |    Input     |
|       axi1_RDATA[188]        |    Input     |
|       axi1_RDATA[190]        |    Input     |
|       axi1_RDATA[191]        |    Input     |
|       axi1_RDATA[192]        |    Input     |
|       axi1_RDATA[194]        |    Input     |
|       axi1_RDATA[195]        |    Input     |
|       axi1_RDATA[196]        |    Input     |
|       axi1_RDATA[198]        |    Input     |
|       axi1_RDATA[199]        |    Input     |
|       axi1_RDATA[200]        |    Input     |
|       axi1_RDATA[202]        |    Input     |
|       axi1_RDATA[203]        |    Input     |
|       axi1_RDATA[204]        |    Input     |
|       axi1_RDATA[206]        |    Input     |
|       axi1_RDATA[207]        |    Input     |
|       axi1_RDATA[208]        |    Input     |
|       axi1_RDATA[210]        |    Input     |
|       axi1_RDATA[211]        |    Input     |
|       axi1_RDATA[212]        |    Input     |
|       axi1_RDATA[214]        |    Input     |
|       axi1_RDATA[215]        |    Input     |
|       axi1_RDATA[216]        |    Input     |
|       axi1_RDATA[218]        |    Input     |
|       axi1_RDATA[219]        |    Input     |
|       axi1_RDATA[220]        |    Input     |
|       axi1_RDATA[222]        |    Input     |
|       axi1_RDATA[223]        |    Input     |
|       axi1_RDATA[224]        |    Input     |
|       axi1_RDATA[226]        |    Input     |
|       axi1_RDATA[227]        |    Input     |
|       axi1_RDATA[228]        |    Input     |
|       axi1_RDATA[230]        |    Input     |
|       axi1_RDATA[231]        |    Input     |
|       axi1_RDATA[232]        |    Input     |
|       axi1_RDATA[234]        |    Input     |
|       axi1_RDATA[235]        |    Input     |
|       axi1_RDATA[236]        |    Input     |
|       axi1_RDATA[238]        |    Input     |
|       axi1_RDATA[239]        |    Input     |
|       axi1_RDATA[240]        |    Input     |
|       axi1_RDATA[242]        |    Input     |
|       axi1_RDATA[243]        |    Input     |
|       axi1_RDATA[244]        |    Input     |
|       axi1_RDATA[246]        |    Input     |
|       axi1_RDATA[247]        |    Input     |
|       axi1_RDATA[248]        |    Input     |
|       axi1_RDATA[250]        |    Input     |
|       axi1_RDATA[251]        |    Input     |
|       axi1_RDATA[252]        |    Input     |
|       axi1_RDATA[254]        |    Input     |
|       axi1_RDATA[255]        |    Input     |
|       axi1_RDATA[256]        |    Input     |
|       axi1_RDATA[258]        |    Input     |
|       axi1_RDATA[259]        |    Input     |
|       axi1_RDATA[260]        |    Input     |
|       axi1_RDATA[262]        |    Input     |
|       axi1_RDATA[263]        |    Input     |
|       axi1_RDATA[264]        |    Input     |
|       axi1_RDATA[266]        |    Input     |
|       axi1_RDATA[267]        |    Input     |
|       axi1_RDATA[268]        |    Input     |
|       axi1_RDATA[270]        |    Input     |
|       axi1_RDATA[271]        |    Input     |
|       axi1_RDATA[272]        |    Input     |
|       axi1_RDATA[274]        |    Input     |
|       axi1_RDATA[275]        |    Input     |
|       axi1_RDATA[276]        |    Input     |
|       axi1_RDATA[278]        |    Input     |
|       axi1_RDATA[279]        |    Input     |
|       axi1_RDATA[280]        |    Input     |
|       axi1_RDATA[282]        |    Input     |
|       axi1_RDATA[283]        |    Input     |
|       axi1_RDATA[284]        |    Input     |
|       axi1_RDATA[286]        |    Input     |
|       axi1_RDATA[287]        |    Input     |
|       axi1_RDATA[288]        |    Input     |
|       axi1_RDATA[290]        |    Input     |
|       axi1_RDATA[291]        |    Input     |
|       axi1_RDATA[292]        |    Input     |
|       axi1_RDATA[294]        |    Input     |
|       axi1_RDATA[295]        |    Input     |
|       axi1_RDATA[296]        |    Input     |
|       axi1_RDATA[298]        |    Input     |
|       axi1_RDATA[299]        |    Input     |
|       axi1_RDATA[300]        |    Input     |
|       axi1_RDATA[302]        |    Input     |
|       axi1_RDATA[303]        |    Input     |
|       axi1_RDATA[304]        |    Input     |
|       axi1_RDATA[306]        |    Input     |
|       axi1_RDATA[307]        |    Input     |
|       axi1_RDATA[308]        |    Input     |
|       axi1_RDATA[310]        |    Input     |
|       axi1_RDATA[311]        |    Input     |
|       axi1_RDATA[312]        |    Input     |
|       axi1_RDATA[314]        |    Input     |
|       axi1_RDATA[315]        |    Input     |
|       axi1_RDATA[316]        |    Input     |
|       axi1_RDATA[318]        |    Input     |
|       axi1_RDATA[319]        |    Input     |
|       axi1_RDATA[320]        |    Input     |
|       axi1_RDATA[322]        |    Input     |
|       axi1_RDATA[323]        |    Input     |
|       axi1_RDATA[324]        |    Input     |
|       axi1_RDATA[326]        |    Input     |
|       axi1_RDATA[327]        |    Input     |
|       axi1_RDATA[328]        |    Input     |
|       axi1_RDATA[330]        |    Input     |
|       axi1_RDATA[331]        |    Input     |
|       axi1_RDATA[332]        |    Input     |
|       axi1_RDATA[334]        |    Input     |
|       axi1_RDATA[335]        |    Input     |
|       axi1_RDATA[336]        |    Input     |
|       axi1_RDATA[338]        |    Input     |
|       axi1_RDATA[339]        |    Input     |
|       axi1_RDATA[340]        |    Input     |
|       axi1_RDATA[342]        |    Input     |
|       axi1_RDATA[343]        |    Input     |
|       axi1_RDATA[344]        |    Input     |
|       axi1_RDATA[346]        |    Input     |
|       axi1_RDATA[347]        |    Input     |
|       axi1_RDATA[348]        |    Input     |
|       axi1_RDATA[350]        |    Input     |
|       axi1_RDATA[351]        |    Input     |
|       axi1_RDATA[352]        |    Input     |
|       axi1_RDATA[354]        |    Input     |
|       axi1_RDATA[355]        |    Input     |
|       axi1_RDATA[356]        |    Input     |
|       axi1_RDATA[358]        |    Input     |
|       axi1_RDATA[359]        |    Input     |
|       axi1_RDATA[360]        |    Input     |
|       axi1_RDATA[362]        |    Input     |
|       axi1_RDATA[363]        |    Input     |
|       axi1_RDATA[364]        |    Input     |
|       axi1_RDATA[366]        |    Input     |
|       axi1_RDATA[367]        |    Input     |
|       axi1_RDATA[368]        |    Input     |
|       axi1_RDATA[370]        |    Input     |
|       axi1_RDATA[371]        |    Input     |
|       axi1_RDATA[372]        |    Input     |
|       axi1_RDATA[374]        |    Input     |
|       axi1_RDATA[375]        |    Input     |
|       axi1_RDATA[376]        |    Input     |
|       axi1_RDATA[378]        |    Input     |
|       axi1_RDATA[379]        |    Input     |
|       axi1_RDATA[380]        |    Input     |
|       axi1_RDATA[382]        |    Input     |
|       axi1_RDATA[383]        |    Input     |
|       axi1_RDATA[384]        |    Input     |
|       axi1_RDATA[386]        |    Input     |
|       axi1_RDATA[387]        |    Input     |
|       axi1_RDATA[388]        |    Input     |
|       axi1_RDATA[390]        |    Input     |
|       axi1_RDATA[391]        |    Input     |
|       axi1_RDATA[392]        |    Input     |
|       axi1_RDATA[394]        |    Input     |
|       axi1_RDATA[395]        |    Input     |
|       axi1_RDATA[396]        |    Input     |
|       axi1_RDATA[398]        |    Input     |
|       axi1_RDATA[399]        |    Input     |
|       axi1_RDATA[400]        |    Input     |
|       axi1_RDATA[402]        |    Input     |
|       axi1_RDATA[403]        |    Input     |
|       axi1_RDATA[404]        |    Input     |
|       axi1_RDATA[406]        |    Input     |
|       axi1_RDATA[407]        |    Input     |
|       axi1_RDATA[408]        |    Input     |
|       axi1_RDATA[410]        |    Input     |
|       axi1_RDATA[411]        |    Input     |
|       axi1_RDATA[412]        |    Input     |
|       axi1_RDATA[414]        |    Input     |
|       axi1_RDATA[415]        |    Input     |
|       axi1_RDATA[416]        |    Input     |
|       axi1_RDATA[418]        |    Input     |
|       axi1_RDATA[419]        |    Input     |
|       axi1_RDATA[420]        |    Input     |
|       axi1_RDATA[422]        |    Input     |
|       axi1_RDATA[423]        |    Input     |
|       axi1_RDATA[424]        |    Input     |
|       axi1_RDATA[426]        |    Input     |
|       axi1_RDATA[427]        |    Input     |
|       axi1_RDATA[428]        |    Input     |
|       axi1_RDATA[430]        |    Input     |
|       axi1_RDATA[431]        |    Input     |
|       axi1_RDATA[432]        |    Input     |
|       axi1_RDATA[434]        |    Input     |
|       axi1_RDATA[435]        |    Input     |
|       axi1_RDATA[436]        |    Input     |
|       axi1_RDATA[438]        |    Input     |
|       axi1_RDATA[439]        |    Input     |
|       axi1_RDATA[440]        |    Input     |
|       axi1_RDATA[442]        |    Input     |
|       axi1_RDATA[443]        |    Input     |
|       axi1_RDATA[444]        |    Input     |
|       axi1_RDATA[446]        |    Input     |
|       axi1_RDATA[447]        |    Input     |
|       axi1_RDATA[448]        |    Input     |
|       axi1_RDATA[450]        |    Input     |
|       axi1_RDATA[451]        |    Input     |
|       axi1_RDATA[452]        |    Input     |
|       axi1_RDATA[454]        |    Input     |
|       axi1_RDATA[455]        |    Input     |
|       axi1_RDATA[456]        |    Input     |
|       axi1_RDATA[458]        |    Input     |
|       axi1_RDATA[459]        |    Input     |
|       axi1_RDATA[460]        |    Input     |
|       axi1_RDATA[462]        |    Input     |
|       axi1_RDATA[463]        |    Input     |
|       axi1_RDATA[464]        |    Input     |
|       axi1_RDATA[466]        |    Input     |
|       axi1_RDATA[467]        |    Input     |
|       axi1_RDATA[468]        |    Input     |
|       axi1_RDATA[470]        |    Input     |
|       axi1_RDATA[471]        |    Input     |
|       axi1_RDATA[472]        |    Input     |
|       axi1_RDATA[474]        |    Input     |
|       axi1_RDATA[475]        |    Input     |
|       axi1_RDATA[476]        |    Input     |
|       axi1_RDATA[478]        |    Input     |
|       axi1_RDATA[479]        |    Input     |
|       axi1_RDATA[480]        |    Input     |
|       axi1_RDATA[482]        |    Input     |
|       axi1_RDATA[483]        |    Input     |
|       axi1_RDATA[484]        |    Input     |
|       axi1_RDATA[486]        |    Input     |
|       axi1_RDATA[487]        |    Input     |
|       axi1_RDATA[488]        |    Input     |
|       axi1_RDATA[490]        |    Input     |
|       axi1_RDATA[491]        |    Input     |
|       axi1_RDATA[492]        |    Input     |
|       axi1_RDATA[494]        |    Input     |
|       axi1_RDATA[495]        |    Input     |
|       axi1_RDATA[496]        |    Input     |
|       axi1_RDATA[498]        |    Input     |
|       axi1_RDATA[499]        |    Input     |
|       axi1_RDATA[500]        |    Input     |
|       axi1_RDATA[502]        |    Input     |
|       axi1_RDATA[503]        |    Input     |
|       axi1_RDATA[504]        |    Input     |
|       axi1_RDATA[506]        |    Input     |
|       axi1_RDATA[507]        |    Input     |
|       axi1_RDATA[508]        |    Input     |
|       axi1_RDATA[510]        |    Input     |
|       axi1_RDATA[511]        |    Input     |
|         axi1_BVALID          |    Input     |
|        axi1_BRESP[1]         |    Input     |
|         axi1_BID[0]          |    Input     |
|         axi1_BID[1]          |    Input     |
|         axi1_BID[3]          |    Input     |
|         axi1_BID[4]          |    Input     |
|         axi1_BID[5]          |    Input     |
|         axi1_ARREADY         |    Input     |
|        axi0_RRESP[1]         |    Input     |
|         axi0_RID[0]          |    Input     |
|         axi0_RID[2]          |    Input     |
|         axi0_RID[3]          |    Input     |
|         axi0_RID[4]          |    Input     |
|        axi0_BRESP[0]         |    Input     |
|        axi0_BRESP[1]         |    Input     |
|         axi0_BID[1]          |    Input     |
|         axi0_BID[2]          |    Input     |
|         axi0_BID[3]          |    Input     |
|         axi0_BID[5]          |    Input     |
|      pll_inst2_CLKOUT0       |    Input     |
|         axi1_WREADY          |    Input     |
|          axi1_RLAST          |    Input     |
|         axi1_RID[3]          |    Input     |
|        axi1_RDATA[1]         |    Input     |
|        axi1_RDATA[5]         |    Input     |
|        axi1_RDATA[9]         |    Input     |
|        axi1_RDATA[13]        |    Input     |
|        axi1_RDATA[17]        |    Input     |
|        axi1_RDATA[21]        |    Input     |
|        axi1_RDATA[25]        |    Input     |
|        axi1_RDATA[29]        |    Input     |
|        axi1_RDATA[33]        |    Input     |
|        axi1_RDATA[37]        |    Input     |
|        axi1_RDATA[41]        |    Input     |
|        axi1_RDATA[45]        |    Input     |
|        axi1_RDATA[49]        |    Input     |
|        axi1_RDATA[53]        |    Input     |
|        axi1_RDATA[57]        |    Input     |
|        axi1_RDATA[61]        |    Input     |
|        axi1_RDATA[65]        |    Input     |
|        axi1_RDATA[69]        |    Input     |
|        axi1_RDATA[73]        |    Input     |
|        axi1_RDATA[77]        |    Input     |
|        axi1_RDATA[81]        |    Input     |
|        axi1_RDATA[85]        |    Input     |
|        axi1_RDATA[89]        |    Input     |
|        axi1_RDATA[93]        |    Input     |
|        axi1_RDATA[97]        |    Input     |
|       axi1_RDATA[101]        |    Input     |
|       axi1_RDATA[105]        |    Input     |
|       axi1_RDATA[109]        |    Input     |
|       axi1_RDATA[113]        |    Input     |
|       axi1_RDATA[117]        |    Input     |
|       axi1_RDATA[121]        |    Input     |
|       axi1_RDATA[125]        |    Input     |
|       axi1_RDATA[129]        |    Input     |
|       axi1_RDATA[133]        |    Input     |
|       axi1_RDATA[137]        |    Input     |
|       axi1_RDATA[141]        |    Input     |
|       axi1_RDATA[145]        |    Input     |
|       axi1_RDATA[149]        |    Input     |
|       axi1_RDATA[153]        |    Input     |
|       axi1_RDATA[157]        |    Input     |
|       axi1_RDATA[161]        |    Input     |
|       axi1_RDATA[165]        |    Input     |
|       axi1_RDATA[169]        |    Input     |
|       axi1_RDATA[173]        |    Input     |
|       axi1_RDATA[177]        |    Input     |
|       axi1_RDATA[181]        |    Input     |
|       axi1_RDATA[185]        |    Input     |
|       axi1_RDATA[189]        |    Input     |
|       axi1_RDATA[193]        |    Input     |
|       axi1_RDATA[197]        |    Input     |
|       axi1_RDATA[201]        |    Input     |
|       axi1_RDATA[205]        |    Input     |
|       axi1_RDATA[209]        |    Input     |
|       axi1_RDATA[213]        |    Input     |
|       axi1_RDATA[217]        |    Input     |
|       axi1_RDATA[221]        |    Input     |
|       axi1_RDATA[225]        |    Input     |
|       axi1_RDATA[229]        |    Input     |
|       axi1_RDATA[233]        |    Input     |
|       axi1_RDATA[237]        |    Input     |
|       axi1_RDATA[241]        |    Input     |
|       axi1_RDATA[245]        |    Input     |
|       axi1_RDATA[249]        |    Input     |
|       axi1_RDATA[253]        |    Input     |
|       axi1_RDATA[257]        |    Input     |
|       axi1_RDATA[261]        |    Input     |
|       axi1_RDATA[265]        |    Input     |
|       axi1_RDATA[269]        |    Input     |
|       axi1_RDATA[273]        |    Input     |
|       axi1_RDATA[277]        |    Input     |
|       axi1_RDATA[281]        |    Input     |
|       axi1_RDATA[285]        |    Input     |
|       axi1_RDATA[289]        |    Input     |
|       axi1_RDATA[293]        |    Input     |
|       axi1_RDATA[297]        |    Input     |
|       axi1_RDATA[301]        |    Input     |
|       axi1_RDATA[305]        |    Input     |
|       axi1_RDATA[309]        |    Input     |
|       axi1_RDATA[313]        |    Input     |
|       axi1_RDATA[317]        |    Input     |
|       axi1_RDATA[321]        |    Input     |
|       axi1_RDATA[325]        |    Input     |
|       axi1_RDATA[329]        |    Input     |
|       axi1_RDATA[333]        |    Input     |
|       axi1_RDATA[337]        |    Input     |
|       axi1_RDATA[341]        |    Input     |
|       axi1_RDATA[345]        |    Input     |
|       axi1_RDATA[349]        |    Input     |
|       axi1_RDATA[353]        |    Input     |
|       axi1_RDATA[357]        |    Input     |
|       axi1_RDATA[361]        |    Input     |
|       axi1_RDATA[365]        |    Input     |
|       axi1_RDATA[369]        |    Input     |
|       axi1_RDATA[373]        |    Input     |
|       axi1_RDATA[377]        |    Input     |
|       axi1_RDATA[381]        |    Input     |
|       axi1_RDATA[385]        |    Input     |
|       axi1_RDATA[389]        |    Input     |
|       axi1_RDATA[393]        |    Input     |
|       axi1_RDATA[397]        |    Input     |
|       axi1_RDATA[401]        |    Input     |
|       axi1_RDATA[405]        |    Input     |
|       axi1_RDATA[409]        |    Input     |
|       axi1_RDATA[413]        |    Input     |
|       axi1_RDATA[417]        |    Input     |
|       axi1_RDATA[421]        |    Input     |
|       axi1_RDATA[425]        |    Input     |
|       axi1_RDATA[429]        |    Input     |
|       axi1_RDATA[433]        |    Input     |
|       axi1_RDATA[437]        |    Input     |
|       axi1_RDATA[441]        |    Input     |
|       axi1_RDATA[445]        |    Input     |
|       axi1_RDATA[449]        |    Input     |
|       axi1_RDATA[453]        |    Input     |
|       axi1_RDATA[457]        |    Input     |
|       axi1_RDATA[461]        |    Input     |
|       axi1_RDATA[465]        |    Input     |
|       axi1_RDATA[469]        |    Input     |
|       axi1_RDATA[473]        |    Input     |
|       axi1_RDATA[477]        |    Input     |
|       axi1_RDATA[481]        |    Input     |
|       axi1_RDATA[485]        |    Input     |
|       axi1_RDATA[489]        |    Input     |
|       axi1_RDATA[493]        |    Input     |
|       axi1_RDATA[497]        |    Input     |
|       axi1_RDATA[501]        |    Input     |
|       axi1_RDATA[505]        |    Input     |
|       axi1_RDATA[509]        |    Input     |
|        axi1_BRESP[0]         |    Input     |
|         axi1_BID[2]          |    Input     |
|         axi1_AWREADY         |    Input     |
|        axi0_RRESP[0]         |    Input     |
|         axi0_RID[1]          |    Input     |
|         axi0_RID[5]          |    Input     |
|         axi0_BID[0]          |    Input     |
|         axi0_BID[4]          |    Input     |
|           i_sw[1]            |    Input     |
|     mipi_rx_ck1_LP_P_IN      |    Input     |
|     mipi_rx_ck1_LP_N_IN      |    Input     |
|      pll_inst1_CLKOUT0       |    Input     |
|        mipi0_ref_clk         |    Input     |
|      jtag_inst1_CAPTURE      |    Input     |
|       jtag_inst1_DRCK        |    Input     |
|       jtag_inst1_RESET       |    Input     |
|      jtag_inst1_RUNTEST      |    Input     |
|        jtag_inst1_SEL        |    Input     |
|       jtag_inst1_SHIFT       |    Input     |
|        jtag_inst1_TCK        |    Input     |
|        jtag_inst1_TDI        |    Input     |
|        jtag_inst1_TMS        |    Input     |
|      jtag_inst1_UPDATE       |    Input     |
|  jtag_inst2_autodbg_DRCK__   |    Input     |
| jtag_inst2_autodbg_RUNTEST__ |    Input     |
|   jtag_inst2_autodbg_TMS__   |    Input     |
|      pll_inst5_CLKOUT0       |    Input     |
+------------------------------+--------------+

----------- IO Interface Summary (end) ----------


---------- IO Placement Summary (begin) ----------

+----------------------+--------------+
| Unassigned Core Pins | Input/Output |
+----------------------+--------------+
|    jtag_inst2_TDO    |    Output    |
+----------------------+--------------+

----------- IO Placement Summary (end) ----------

---------- Resource Summary (begin) ----------
Inputs: 646 / 4370 (14.78%)
Outputs: 1708 / 5891 (28.99%)
Global Clocks (GBUF): 14 / 32 (43.75%)
Regional Clocks (RBUF): 0 / 64 (0.00%)
	RBUF: Core: 0 / 48 (0.00%)
	RBUF: Periphery: 0 / 8 (0.00%)
	RBUF: Multi-Region: 0 / 8 (0.00%)
XLRs: 34139 / 362880 (9.41%)
	XLRs needed for Logic: 14575 / 362880 (4.02%)
	XLRs needed for Logic + FF: 8169 / 362880 (2.25%)
	XLRs needed for Adder: 2376 / 362880 (0.65%)
	XLRs needed for Adder + FF: 1440 / 362880 (0.40%)
	XLRs needed for FF: 7486 / 362880 (2.06%)
	XLRs needed for SRL8: 93 / 67200 (0.14%)
	XLRs needed for SRL8 + FF: 0 / 67200 (0.00%)
	XLRs needed for Routing: 0 / 362880 (0.00%)
Memory Blocks: 323 / 2688 (12.02%)
DSP Blocks: 0 / 1344 (0.00%)
---------- Resource Summary (end) ----------

Elapsed time for placement: 0 hours 1 minutes 12 seconds
